normal_request#0 err=nil intent=call_purpose conf=accept action=clarify reason=clarify_ambiguous escalation= expect=disambiguation clar=ambiguous/slot=/round=1/final=false/cands=[call_purpose,caller_identity] next=speaking state=speaking terminal=false outcome= turns=1 holder=agent lastExpect=none active=none ctx=conversation/last_intent=call_purpose tr=idle>greeting/start/ tr=greeting>listening/greeting_complete/ tr=listening>thinking/utterance/clarify tr=thinking>speaking/planned/clarify_ambiguous
callback#0 err=nil intent=request_callback conf=certain action=respond reason=intent_accepted escalation= expect=none clar=none/slot=/round=0/final=false/cands=[] next=speaking state=speaking terminal=false outcome= turns=1 holder=agent lastExpect=none active=request_callback/certain/validated alts=[request_callback:certain] ctx=conversation/last_intent=request_callback tr=idle>greeting/start/ tr=greeting>listening/greeting_complete/ tr=listening>thinking/utterance/accept tr=thinking>speaking/planned/intent_accepted
transfer#0 err=nil intent=request_transfer conf=certain action=respond reason=intent_accepted escalation= expect=none clar=none/slot=/round=0/final=false/cands=[] next=speaking state=speaking terminal=false outcome= turns=1 holder=agent lastExpect=none active=request_transfer/certain/validated alts=[request_transfer:certain] ctx=conversation/last_intent=request_transfer tr=idle>greeting/start/ tr=greeting>listening/greeting_complete/ tr=listening>thinking/utterance/accept tr=thinking>speaking/planned/intent_accepted
repeat#0 err=nil intent=repeat conf=certain action=respond reason=intent_accepted escalation= expect=none clar=none/slot=/round=0/final=false/cands=[] next=speaking state=speaking terminal=false outcome= turns=1 holder=agent lastExpect=none active=repeat/certain/validated alts=[repeat:certain] ctx=conversation/last_intent=repeat tr=idle>greeting/start/ tr=greeting>listening/greeting_complete/ tr=listening>thinking/utterance/accept tr=thinking>speaking/planned/intent_accepted
hold#0 err=nil intent=hold conf=certain action=respond reason=intent_accepted escalation= expect=none clar=none/slot=/round=0/final=false/cands=[] next=speaking state=speaking terminal=false outcome= turns=1 holder=agent lastExpect=none active=hold/certain/validated alts=[hold:certain] ctx=conversation/last_intent=hold tr=idle>greeting/start/ tr=greeting>listening/greeting_complete/ tr=listening>thinking/utterance/accept tr=thinking>speaking/planned/intent_accepted
caller_identity#0 err=nil intent=caller_identity conf=certain action=respond reason=intent_accepted escalation= expect=none clar=none/slot=/round=0/final=false/cands=[] next=speaking state=speaking terminal=false outcome= turns=1 holder=agent lastExpect=none active=caller_identity/certain/validated alts=[caller_identity:certain] ctx=conversation/last_intent=caller_identity tr=idle>greeting/start/ tr=greeting>listening/greeting_complete/ tr=listening>thinking/utterance/accept tr=thinking>speaking/planned/intent_accepted
leave_message#0 err=nil intent=leave_message conf=accept action=ask reason=clarify_missing_slot escalation= expect=slot_value clar=missing_slot/slot=message_body/round=1/final=false/cands=[] next=speaking state=speaking terminal=false outcome= turns=1 holder=agent lastExpect=none active=none ctx=conversation/last_intent=leave_message tr=idle>greeting/start/ tr=greeting>listening/greeting_complete/ tr=listening>thinking/utterance/clarify tr=thinking>speaking/planned/clarify_missing_slot
low_confidence#0 err=nil intent=repeat conf=accept action=confirm reason=clarify_low_confidence escalation= expect=yes_no clar=low_confidence/slot=/round=1/final=false/cands=[] next=speaking state=speaking terminal=false outcome= turns=1 holder=agent lastExpect=none active=none ctx=conversation/last_intent=repeat tr=idle>greeting/start/ tr=greeting>listening/greeting_complete/ tr=listening>thinking/utterance/clarify tr=thinking>speaking/planned/clarify_low_confidence
ambiguous#0 err=nil intent=hold conf=accept action=clarify reason=clarify_ambiguous escalation= expect=disambiguation clar=ambiguous/slot=/round=1/final=false/cands=[hold,request_callback] next=speaking state=speaking terminal=false outcome= turns=1 holder=agent lastExpect=none active=none ctx=conversation/last_intent=hold tr=idle>greeting/start/ tr=greeting>listening/greeting_complete/ tr=listening>thinking/utterance/clarify tr=thinking>speaking/planned/clarify_ambiguous
unknown#0 err=nil intent=fallback conf=below_reject action=respond reason=fallback escalation= expect=none clar=none/slot=/round=0/final=false/cands=[] next=speaking state=speaking terminal=false outcome= turns=1 holder=agent lastExpect=none active=fallback/zero/validated alts=[] ctx=conversation/last_intent=fallback tr=idle>greeting/start/ tr=greeting>listening/greeting_complete/ tr=listening>thinking/utterance/accept tr=thinking>speaking/planned/fallback
empty#0 err=nil intent=fallback conf=below_reject action=respond reason=fallback escalation= expect=none clar=none/slot=/round=0/final=false/cands=[] next=speaking state=speaking terminal=false outcome= turns=1 holder=agent lastExpect=none active=fallback/zero/validated alts=[] ctx=conversation/last_intent=fallback tr=idle>greeting/start/ tr=greeting>listening/greeting_complete/ tr=listening>thinking/utterance/accept tr=thinking>speaking/planned/fallback
below_reject#0 err=nil intent=request_callback conf=clarify_band action=escalate reason=intent_rejected escalation=rejected expect=none clar=none/slot=/round=0/final=false/cands=[] next=escalated state=escalated terminal=true outcome=escalated turns=1 holder=none lastExpect=none active=none ctx=conversation/last_intent=request_callback tr=idle>greeting/start/ tr=greeting>listening/greeting_complete/ tr=listening>thinking/utterance/reject tr=thinking>escalated/planned/intent_rejected
silence_boundary#0 err=nil intent= conf=zero action=wait reason=silence escalation= expect=none clar=none/slot=/round=0/final=false/cands=[] next=waiting state=waiting terminal=false outcome= turns=1 holder=none lastExpect=none active=none tr=idle>greeting/start/ tr=greeting>listening/greeting_complete/ tr=listening>waiting/silence/
interruption_boundary#0 err=nil intent=request_transfer conf=certain action=respond reason=intent_accepted escalation= expect=none clar=none/slot=/round=0/final=false/cands=[] next=speaking state=speaking terminal=false outcome= turns=1 holder=agent lastExpect=none active=request_transfer/certain/validated alts=[request_transfer:certain] ctx=conversation/last_intent=request_transfer tr=idle>greeting/start/ tr=greeting>listening/greeting_complete/ tr=listening>thinking/utterance/accept tr=thinking>speaking/planned/intent_accepted
interruption_boundary#1 err=nil intent= conf=zero action=ignore reason=interrupted_user escalation= expect=none clar=none/slot=/round=0/final=false/cands=[] next=listening state=listening terminal=false outcome= turns=2 holder=caller lastExpect=none active=request_transfer/certain/validated alts=[request_transfer:certain] int=user/caller/barge_in ctx=conversation/last_intent=request_transfer tr=idle>greeting/start/ tr=greeting>listening/greeting_complete/ tr=listening>thinking/utterance/accept tr=thinking>speaking/planned/intent_accepted tr=speaking>interrupted/interruption/user tr=interrupted>listening/arbitrated/abandon
interruption_boundary#2 err=nil intent=repeat conf=certain action=respond reason=intent_accepted escalation= expect=none clar=none/slot=/round=0/final=false/cands=[] next=speaking state=speaking terminal=false outcome= turns=3 holder=agent lastExpect=none active=repeat/certain/validated alts=[repeat:certain] int=user/caller/barge_in ctx=conversation/last_intent=repeat tr=idle>greeting/start/ tr=greeting>listening/greeting_complete/ tr=listening>thinking/utterance/accept tr=thinking>speaking/planned/intent_accepted tr=speaking>interrupted/interruption/user tr=interrupted>listening/arbitrated/abandon tr=listening>thinking/utterance/accept tr=thinking>speaking/planned/intent_accepted
cancellation_boundary#0 err=nil intent=request_callback conf=certain action=respond reason=intent_accepted escalation= expect=none clar=none/slot=/round=0/final=false/cands=[] next=speaking state=speaking terminal=false outcome= turns=1 holder=agent lastExpect=none active=request_callback/certain/validated alts=[request_callback:certain] ctx=conversation/last_intent=request_callback tr=idle>greeting/start/ tr=greeting>listening/greeting_complete/ tr=listening>thinking/utterance/accept tr=thinking>speaking/planned/intent_accepted
cancellation_boundary#1 err=nil intent= conf=zero action=wait reason=awaiting_caller escalation= expect=none clar=none/slot=/round=0/final=false/cands=[] next=listening state=listening terminal=false outcome= turns=2 holder=caller lastExpect=none active=request_callback/certain/validated alts=[request_callback:certain] ctx=conversation/last_intent=request_callback tr=idle>greeting/start/ tr=greeting>listening/greeting_complete/ tr=listening>thinking/utterance/accept tr=thinking>speaking/planned/intent_accepted tr=speaking>listening/speech_complete/intent_accepted
terminal_session#0 err=nil intent=request_transfer conf=certain action=respond reason=intent_accepted escalation= expect=none clar=none/slot=/round=0/final=false/cands=[] next=speaking state=speaking terminal=false outcome= turns=1 holder=agent lastExpect=none active=request_transfer/certain/validated alts=[request_transfer:certain] ctx=conversation/last_intent=request_transfer tr=idle>greeting/start/ tr=greeting>listening/greeting_complete/ tr=listening>thinking/utterance/accept tr=thinking>speaking/planned/intent_accepted
terminal_session#1 err=nil intent= conf=zero action=respond reason= escalation= expect=none clar=none/slot=/round=0/final=false/cands=[] next=idle state=ended terminal=true outcome=completed turns=1 holder=agent lastExpect=none active=request_transfer/certain/validated alts=[request_transfer:certain] ctx=conversation/last_intent=request_transfer tr=idle>greeting/start/ tr=greeting>listening/greeting_complete/ tr=listening>thinking/utterance/accept tr=thinking>speaking/planned/intent_accepted tr=speaking>ended/hangup/t9_terminated
terminal_session#2 err=terminal intent= conf=zero action=respond reason= escalation= expect=none clar=none/slot=/round=0/final=false/cands=[] next=idle state=ended terminal=true outcome=completed turns=1 holder=agent lastExpect=none active=request_transfer/certain/validated alts=[request_transfer:certain] ctx=conversation/last_intent=request_transfer tr=idle>greeting/start/ tr=greeting>listening/greeting_complete/ tr=listening>thinking/utterance/accept tr=thinking>speaking/planned/intent_accepted tr=speaking>ended/hangup/t9_terminated
multi_turn_callback_transfer_repeat#0 err=nil intent=request_callback conf=certain action=respond reason=intent_accepted escalation= expect=none clar=none/slot=/round=0/final=false/cands=[] next=speaking state=speaking terminal=false outcome= turns=1 holder=agent lastExpect=none active=request_callback/certain/validated alts=[request_callback:certain] ctx=conversation/last_intent=request_callback tr=idle>greeting/start/ tr=greeting>listening/greeting_complete/ tr=listening>thinking/utterance/accept tr=thinking>speaking/planned/intent_accepted
multi_turn_callback_transfer_repeat#1 err=nil intent= conf=zero action=wait reason=awaiting_caller escalation= expect=none clar=none/slot=/round=0/final=false/cands=[] next=listening state=listening terminal=false outcome= turns=2 holder=caller lastExpect=none active=request_callback/certain/validated alts=[request_callback:certain] ctx=conversation/last_intent=request_callback tr=idle>greeting/start/ tr=greeting>listening/greeting_complete/ tr=listening>thinking/utterance/accept tr=thinking>speaking/planned/intent_accepted tr=speaking>listening/speech_complete/intent_accepted
multi_turn_callback_transfer_repeat#2 err=nil intent=request_transfer conf=certain action=respond reason=intent_accepted escalation= expect=none clar=none/slot=/round=0/final=false/cands=[] next=speaking state=speaking terminal=false outcome= turns=3 holder=agent lastExpect=none active=request_transfer/certain/validated alts=[request_transfer:certain] ctx=conversation/last_intent=request_transfer tr=idle>greeting/start/ tr=greeting>listening/greeting_complete/ tr=listening>thinking/utterance/accept tr=thinking>speaking/planned/intent_accepted tr=speaking>listening/speech_complete/intent_accepted tr=listening>thinking/utterance/accept tr=thinking>speaking/planned/intent_accepted
multi_turn_callback_transfer_repeat#3 err=nil intent= conf=zero action=wait reason=awaiting_caller escalation= expect=none clar=none/slot=/round=0/final=false/cands=[] next=listening state=listening terminal=false outcome= turns=4 holder=caller lastExpect=none active=request_transfer/certain/validated alts=[request_transfer:certain] ctx=conversation/last_intent=request_transfer tr=idle>greeting/start/ tr=greeting>listening/greeting_complete/ tr=listening>thinking/utterance/accept tr=thinking>speaking/planned/intent_accepted tr=speaking>listening/speech_complete/intent_accepted tr=listening>thinking/utterance/accept tr=thinking>speaking/planned/intent_accepted tr=speaking>listening/speech_complete/intent_accepted
multi_turn_callback_transfer_repeat#4 err=nil intent=repeat conf=certain action=respond reason=intent_accepted escalation= expect=none clar=none/slot=/round=0/final=false/cands=[] next=speaking state=speaking terminal=false outcome= turns=5 holder=agent lastExpect=none active=repeat/certain/validated alts=[repeat:certain] ctx=conversation/last_intent=repeat tr=idle>greeting/start/ tr=greeting>listening/greeting_complete/ tr=listening>thinking/utterance/accept tr=thinking>speaking/planned/intent_accepted tr=speaking>listening/speech_complete/intent_accepted tr=listening>thinking/utterance/accept tr=thinking>speaking/planned/intent_accepted tr=speaking>listening/speech_complete/intent_accepted tr=listening>thinking/utterance/accept tr=thinking>speaking/planned/intent_accepted
multi_turn_clarify_then_answer#0 err=nil intent=leave_message conf=accept action=ask reason=clarify_missing_slot escalation= expect=slot_value clar=missing_slot/slot=message_body/round=1/final=false/cands=[] next=speaking state=speaking terminal=false outcome= turns=1 holder=agent lastExpect=none active=none ctx=conversation/last_intent=leave_message tr=idle>greeting/start/ tr=greeting>listening/greeting_complete/ tr=listening>thinking/utterance/clarify tr=thinking>speaking/planned/clarify_missing_slot
multi_turn_clarify_then_answer#1 err=nil intent= conf=zero action=wait reason=awaiting_caller escalation= expect=none clar=none/slot=/round=0/final=false/cands=[] next=question state=question terminal=false outcome= turns=2 holder=caller lastExpect=slot_value active=none ctx=conversation/last_intent=leave_message tr=idle>greeting/start/ tr=greeting>listening/greeting_complete/ tr=listening>thinking/utterance/clarify tr=thinking>speaking/planned/clarify_missing_slot tr=speaking>question/speech_complete/clarify_missing_slot
multi_turn_clarify_then_answer#2 err=nil intent=caller_identity conf=certain action=respond reason=intent_accepted escalation= expect=none clar=none/slot=/round=0/final=false/cands=[] next=speaking state=speaking terminal=false outcome= turns=3 holder=agent lastExpect=slot_value active=caller_identity/certain/validated alts=[caller_identity:certain] ctx=conversation/last_intent=caller_identity tr=idle>greeting/start/ tr=greeting>listening/greeting_complete/ tr=listening>thinking/utterance/clarify tr=thinking>speaking/planned/clarify_missing_slot tr=speaking>question/speech_complete/clarify_missing_slot tr=question>thinking/utterance/accept tr=thinking>speaking/planned/intent_accepted
multi_turn_clarify_then_answer#3 err=nil intent= conf=zero action=wait reason=awaiting_caller escalation= expect=none clar=none/slot=/round=0/final=false/cands=[] next=listening state=listening terminal=false outcome= turns=4 holder=caller lastExpect=none active=caller_identity/certain/validated alts=[caller_identity:certain] ctx=conversation/last_intent=caller_identity tr=idle>greeting/start/ tr=greeting>listening/greeting_complete/ tr=listening>thinking/utterance/clarify tr=thinking>speaking/planned/clarify_missing_slot tr=speaking>question/speech_complete/clarify_missing_slot tr=question>thinking/utterance/accept tr=thinking>speaking/planned/intent_accepted tr=speaking>listening/speech_complete/intent_accepted
multi_turn_clarify_then_answer#4 err=nil intent=hold conf=certain action=respond reason=intent_accepted escalation= expect=none clar=none/slot=/round=0/final=false/cands=[] next=speaking state=speaking terminal=false outcome= turns=5 holder=agent lastExpect=none active=hold/certain/validated alts=[hold:certain] ctx=conversation/last_intent=hold tr=idle>greeting/start/ tr=greeting>listening/greeting_complete/ tr=listening>thinking/utterance/clarify tr=thinking>speaking/planned/clarify_missing_slot tr=speaking>question/speech_complete/clarify_missing_slot tr=question>thinking/utterance/accept tr=thinking>speaking/planned/intent_accepted tr=speaking>listening/speech_complete/intent_accepted tr=listening>thinking/utterance/accept tr=thinking>speaking/planned/intent_accepted
